Archive member included to satisfy reference by file (symbol)

contiki-whitefield.a(contiki-main.o)
                              /usr/lib/gcc/x86_64-linux-gnu/8/../../../x86_64-linux-gnu/Scrt1.o (main)
contiki-whitefield.a(clock.o)
                              obj_whitefield/collect-common.o (clock_seconds)
contiki-whitefield.a(wfmac_driver.o)
                              contiki-whitefield.a(contiki-main.o) (wfmac_driver)
contiki-whitefield.a(wfradio_driver.)
                              contiki-whitefield.a(contiki-main.o) (wfradio_process)
contiki-whitefield.a(button-sensor.o)
                              server.co (button_sensor)
contiki-whitefield.a(pir-sensor.o)
                              contiki-whitefield.a(contiki-main.o) (pir_sensor)
contiki-whitefield.a(vib-sensor.o)
                              contiki-whitefield.a(contiki-main.o) (vib_sensor)
contiki-whitefield.a(sensors.o)
                              server.co (sensors_event)
contiki-whitefield.a(command_storing)
                              contiki-whitefield.a(wfradio_driver.) (cmd_rtsize)
contiki-whitefield.a(ctimer.o)
                              contiki-whitefield.a(contiki-main.o) (ctimer_init)
contiki-whitefield.a(autostart.o)
                              contiki-whitefield.a(contiki-main.o) (autostart_start)
contiki-whitefield.a(energest.o)
                              obj_whitefield/rpl-metrics-get.o (energest_type_time)
contiki-whitefield.a(etimer.o)
                              contiki-whitefield.a(contiki-main.o) (etimer_process)
contiki-whitefield.a(process.o)
                              server.co (process_current)
contiki-whitefield.a(rtimer.o)
                              contiki-whitefield.a(contiki-main.o) (rtimer_init)
contiki-whitefield.a(timer.o)
                              contiki-whitefield.a(etimer.o) (timer_set)
contiki-whitefield.a(serial-line.o)
                              obj_whitefield/collect-common.o (serial_line_event_message)
contiki-whitefield.a(leds.o)  obj_whitefield/collect-common.o (leds_blink)
contiki-whitefield.a(list.o)  contiki-whitefield.a(ctimer.o) (list_init)
contiki-whitefield.a(random.o)
                              contiki-whitefield.a(contiki-main.o) (random_init)
contiki-whitefield.a(ringbuf.o)
                              contiki-whitefield.a(serial-line.o) (ringbuf_init)
contiki-whitefield.a(uip-ds6.o)
                              server.co (uip_ds6_if)
contiki-whitefield.a(uip-ds6-route.o)
                              contiki-whitefield.a(uip-ds6.o) (uip_ds6_route_init)
contiki-whitefield.a(uip6.o)  contiki-whitefield.a(contiki-main.o) (uip_lladdr)
contiki-whitefield.a(uip-ds6-nbr.o)
                              contiki-whitefield.a(uip-ds6.o) (uip_ds6_neighbors_init)
contiki-whitefield.a(uip-nd6.o)
                              contiki-whitefield.a(uip6.o) (uip_nd6_init)
contiki-whitefield.a(sicslowpan.o)
                              contiki-whitefield.a(contiki-main.o) (sicslowpan_driver)
contiki-whitefield.a(uip-packetqueue)
                              contiki-whitefield.a(uip-ds6-nbr.o) (uip_packetqueue_new)
contiki-whitefield.a(tcpip.o)
                              server.co (tcpip_event)
contiki-whitefield.a(uip-debug.o)
                              contiki-whitefield.a(uip-ds6-route.o) (uip_debug_ipaddr_print)
contiki-whitefield.a(rpl-ext-header.)
                              contiki-whitefield.a(uip6.o) (rpl_verify_hbh_header)
contiki-whitefield.a(rpl.o)   contiki-whitefield.a(rpl-ext-header.) (rpl_stats)
contiki-whitefield.a(rpl-icmp6.o)
                              contiki-whitefield.a(rpl.o) (dao_output)
contiki-whitefield.a(rpl-dag.o)
                              contiki-whitefield.a(rpl-ext-header.) (rpl_parents)
contiki-whitefield.a(queuebuf.o)
                              contiki-whitefield.a(contiki-main.o) (queuebuf_init)
contiki-whitefield.a(nbr-table.o)
                              contiki-whitefield.a(uip-ds6-route.o) (nbr_table_register)
contiki-whitefield.a(packetbuf.o)
                              contiki-whitefield.a(wfradio_driver.) (packetbuf_clear)
contiki-whitefield.a(netstack.o)
                              contiki-whitefield.a(contiki-main.o) (netstack_init)
contiki-whitefield.a(linkaddr.o)
                              contiki-whitefield.a(contiki-main.o) (linkaddr_node_addr)
contiki-whitefield.a(net-debug.o)
                              contiki-whitefield.a(rpl-icmp6.o) (net_debug_lladdr_print)
contiki-whitefield.a(link-stats.o)
                              contiki-whitefield.a(rpl-dag.o) (link_stats_from_lladdr)
contiki-whitefield.a(framer-nullmac.)
                              contiki-whitefield.a(sicslowpan.o) (framer_nullmac)
contiki-whitefield.a(mac.o)   contiki-whitefield.a(wfmac_driver.o) (mac_call_sent_callback)
contiki-whitefield.a(nullrdc.o)
                              server.co (nullrdc_driver)
contiki-whitefield.a(nullsec.o)
[...]
Memory Configuration

Name             Origin             Length             Attributes
*default*        0x0000000000000000 0xffffffffffffffff

Linker script and memory map

LOAD /usr/lib/gcc/x86_64-linux-gnu/8/../../../x86_64-linux-gnu/Scrt1.o
LOAD /usr/lib/gcc/x86_64-linux-gnu/8/../../../x86_64-linux-gnu/crti.o
LOAD /usr/lib/gcc/x86_64-linux-gnu/8/crtbeginS.o
LOAD server.co
LOAD obj_whitefield/collect-common.o
LOAD obj_whitefield/rpl-metrics.o
LOAD obj_whitefield/rpl-metrics-get.o
LOAD obj_whitefield/rpl-metrics-containers-OF.o
LOAD contiki-whitefield.a
LOAD ../../../../bin/libwf_commline.a
LOAD /usr/lib/gcc/x86_64-linux-gnu/8/../../../x86_64-linux-gnu/libdl.so
LOAD /usr/lib/gcc/x86_64-linux-gnu/8/libgcc.a
LOAD /usr/lib/gcc/x86_64-linux-gnu/8/libgcc_s.so
START GROUP
LOAD /usr/lib/gcc/x86_64-linux-gnu/8/libgcc_s.so.1
LOAD /usr/lib/gcc/x86_64-linux-gnu/8/libgcc.a
END GROUP
LOAD /usr/lib/gcc/x86_64-linux-gnu/8/../../../x86_64-linux-gnu/libc.so
START GROUP
LOAD /lib/x86_64-linux-gnu/libc.so.6
LOAD /usr/lib/x86_64-linux-gnu/libc_nonshared.a
LOAD /lib/x86_64-linux-gnu/ld-linux-x86-64.so.2
END GROUP
LOAD /usr/lib/gcc/x86_64-linux-gnu/8/libgcc.a
LOAD /usr/lib/gcc/x86_64-linux-gnu/8/libgcc_s.so
START GROUP
LOAD /usr/lib/gcc/x86_64-linux-gnu/8/libgcc_s.so.1
LOAD /usr/lib/gcc/x86_64-linux-gnu/8/libgcc.a
END GROUP
LOAD /usr/lib/gcc/x86_64-linux-gnu/8/crtendS.o
LOAD /usr/lib/gcc/x86_64-linux-gnu/8/../../../x86_64-linux-gnu/crtn.o
                [!provide]                        PROVIDE (__executable_start = SEGMENT_START ("text-segment", 0x0))
                0x00000000000002a8                . = (SEGMENT_START ("text-segment", 0x0) + SIZEOF_HEADERS)

.interp         0x00000000000002a8       0x1c
 *(.interp)
 .interp        0x00000000000002a8       0x1c /usr/lib/gcc/x86_64-linux-gnu/8/../../../x86_64-linux-gnu/Scrt1.o

.note.gnu.build-id
                0x00000000000002c4       0x24
 *(.note.gnu.build-id)
 .note.gnu.build-id
                0x00000000000002c4       0x24 /usr/lib/gcc/x86_64-linux-gnu/8/../../../x86_64-linux-gnu/Scrt1.o

.note.ABI-tag   0x00000000000002e8       0x20
 .note.ABI-tag  0x00000000000002e8       0x20 /usr/lib/gcc/x86_64-linux-gnu/8/../../../x86_64-linux-gnu/Scrt1.o

.hash
 *(.hash)

.gnu.hash       0x0000000000000308      0xde4
 *(.gnu.hash)
 .gnu.hash      0x0000000000000308      0xde4 /usr/lib/gcc/x86_64-linux-gnu/8/../../../x86_64-linux-gnu/Scrt1.o

.dynsym         0x00000000000010f0     0x3360
 *(.dynsym)
 .dynsym        0x00000000000010f0     0x3360 /usr/lib/gcc/x86_64-linux-gnu/8/../../../x86_64-linux-gnu/Scrt1.o

.dynstr         0x0000000000004450     0x22c1
 *(.dynstr)
 .dynstr        0x0000000000004450     0x22c1 /usr/lib/gcc/x86_64-linux-gnu/8/../../../x86_64-linux-gnu/Scrt1.o

.gnu.version    0x0000000000006712      0x448
 *(.gnu.version)
 .gnu.version   0x0000000000006712      0x448 /usr/lib/gcc/x86_64-linux-gnu/8/../../../x86_64-linux-gnu/Scrt1.o

.gnu.version_d  0x0000000000006b60        0x0
 *(.gnu.version_d)
 .gnu.version_d
                0x0000000000006b60        0x0 /usr/lib/gcc/x86_64-linux-gnu/8/../../../x86_64-linux-gnu/Scrt1.o

.gnu.version_r  0x0000000000006b60       0x50
 *(.gnu.version_r)
 .gnu.version_r
                0x0000000000006b60       0x50 /usr/lib/gcc/x86_64-linux-gnu/8/../../../x86_64-linux-gnu/Scrt1.o

.rela.dyn       0x0000000000006bb0      0xd98
 *(.rela.init)
 *(.rela.text .rela.text.* .rela.gnu.linkonce.t.*)
 .rela.text     0x0000000000006bb0       0xc0 /usr/lib/gcc/x86_64-linux-gnu/8/../../../x86_64-linux-gnu/Scrt1.o
 *(.rela.fini)
 *(.rela.rodata .rela.rodata.* .rela.gnu.linkonce.r.*)
 *(.rela.data .rela.data.* .rela.gnu.linkonce.d.*)
 .rela.data.rel.ro
                0x0000000000006c70       0x48 /usr/lib/gcc/x86_64-linux-gnu/8/../../../x86_64-linux-gnu/Scrt1.o
 .rela.data.rel.local
                0x0000000000006cb8      0x6c0 /usr/lib/gcc/x86_64-linux-gnu/8/../../../x86_64-linux-gnu/Scrt1.o
 .rela.data.rel
                0x0000000000007378       0x48 /usr/lib/gcc/x86_64-linux-gnu/8/../../../x86_64-linux-gnu/Scrt1.o
 .rela.data.rel.ro.local
                0x00000000000073c0      0x4c8 /usr/lib/gcc/x86_64-linux-gnu/8/../../../x86_64-linux-gnu/Scrt1.o
 *(.rela.tdata .rela.tdata.* .rela.gnu.linkonce.td.*)
 *(.rela.tbss .rela.tbss.* .rela.gnu.linkonce.tb.*)
 *(.rela.ctors)
 *(.rela.dtors)
 *(.rela.got)
 .rela.got      0x0000000000007888       0x78 /usr/lib/gcc/x86_64-linux-gnu/8/../../../x86_64-linux-gnu/Scrt1.o
 *(.rela.bss .rela.bss.* .rela.gnu.linkonce.b.*)
 .rela.bss      0x0000000000007900       0x18 /usr/lib/gcc/x86_64-linux-gnu/8/../../../x86_64-linux-gnu/Scrt1.o
 *(.rela.ldata .rela.ldata.* .rela.gnu.linkonce.l.*)
 *(.rela.lbss .rela.lbss.* .rela.gnu.linkonce.lb.*)
 *(.rela.lrodata .rela.lrodata.* .rela.gnu.linkonce.lr.*)
 *(.rela.ifunc)
 .rela.ifunc    0x0000000000007918        0x0 /usr/lib/gcc/x86_64-linux-gnu/8/../../../x86_64-linux-gnu/Scrt1.o
 .rela.fini_array
                0x0000000000007918       0x18 /usr/lib/gcc/x86_64-linux-gnu/8/../../../x86_64-linux-gnu/Scrt1.o
 .rela.init_array
                0x0000000000007930       0x18 /usr/lib/gcc/x86_64-linux-gnu/8/../../../x86_64-linux-gnu/Scrt1.o

.rela.plt       0x0000000000007948      0x438
 *(.rela.plt)
 .rela.plt      0x0000000000007948      0x438 /usr/lib/gcc/x86_64-linux-gnu/8/../../../x86_64-linux-gnu/Scrt1.o
                [!provide]                        PROVIDE (__rela_iplt_start = .)
 *(.rela.iplt)
                [!provide]                        PROVIDE (__rela_iplt_end = .)
                0x0000000000008000                . = ALIGN (CONSTANT (MAXPAGESIZE))

.init           0x0000000000008000       0x17
 *(SORT_NONE(.init))
 .init          0x0000000000008000       0x12 /usr/lib/gcc/x86_64-linux-gnu/8/../../../x86_64-linux-gnu/crti.o
                0x0000000000008000                _init
 .init          0x0000000000008012        0x5 /usr/lib/gcc/x86_64-linux-gnu/8/../../../x86_64-linux-gnu/crtn.o

.plt            0x0000000000008020      0x2e0
 *(.plt)
 .plt           0x0000000000008020      0x2e0 /usr/lib/gcc/x86_64-linux-gnu/8/../../../x86_64-linux-gnu/Scrt1.o
                0x0000000000008030                free@@GLIBC_2.2.5
                0x0000000000008040                putchar@@GLIBC_2.2.5
                0x0000000000008050                __errno_location@@GLIBC_2.2.5
                0x0000000000008060                strncpy@@GLIBC_2.2.5
                0x0000000000008070                strncmp@@GLIBC_2.2.5
                0x0000000000008090                puts@@GLIBC_2.2.5
                0x00000000000080a0                fclose@@GLIBC_2.2.5
                0x00000000000080c0                strlen@@GLIBC_2.2.5
                0x00000000000080d0                __stack_chk_fail@@GLIBC_2.4
                0x00000000000080e0                getuid@@GLIBC_2.2.5
                0x00000000000080f0                strchr@@GLIBC_2.2.5
                0x0000000000008100                printf@@GLIBC_2.2.5
                0x0000000000008110                snprintf@@GLIBC_2.2.5
                0x0000000000008120                gettimeofday@@GLIBC_2.2.5
                0x0000000000008130                memset@@GLIBC_2.2.5
                0x0000000000008140                sendto@@GLIBC_2.2.5
                0x0000000000008150                close@@GLIBC_2.2.5
                0x0000000000008160                fputc@@GLIBC_2.2.5
                0x0000000000008170                srand@@GLIBC_2.2.5
                0x0000000000008180                memcmp@@GLIBC_2.2.5
                0x0000000000008190                strcmp@@GLIBC_2.2.5
                0x00000000000081a0                signal@@GLIBC_2.2.5
                0x00000000000081b0                fprintf@@GLIBC_2.2.5
                0x00000000000081c0                memcpy@@GLIBC_2.14
                0x00000000000081e0                malloc@@GLIBC_2.2.5
                0x00000000000081f0                fflush@@GLIBC_2.2.5
                0x0000000000008200                recvfrom@@GLIBC_2.2.5
                0x0000000000008220                setitimer@@GLIBC_2.2.5
                0x0000000000008230                bind@@GLIBC_2.2.5
                0x0000000000008240                memmove@@GLIBC_2.2.5
                0x0000000000008250                fopen@@GLIBC_2.2.5
                0x0000000000008260                atoi@@GLIBC_2.2.5
                0x0000000000008270                exit@@GLIBC_2.2.5
                0x0000000000008280                fwrite@@GLIBC_2.2.5
                0x00000000000082c0                rand@@GLIBC_2.2.5
                0x00000000000082d0                __ctype_b_loc@@GLIBC_2.3
                0x00000000000082e0                usleep@@GLIBC_2.2.5
                0x00000000000082f0                socket@@GLIBC_2.2.5
 *(.iplt)

.plt.got        0x0000000000008300        0x8
 *(.plt.got)
 .plt.got       0x0000000000008300        0x8 /usr/lib/gcc/x86_64-linux-gnu/8/../../../x86_64-linux-gnu/Scrt1.o
                0x0000000000008300                __cxa_finalize@@GLIBC_2.2.5

.plt.sec
 *(.plt.sec)

.text           0x0000000000008310    0x1ec31
 *(.text.unlikely .text.*_unlikely .text.unlikely.*)
 *(.text.exit .text.exit.*)
 *(.text.startup .text.startup.*)
 *(.text.hot .text.hot.*)
 *(.text .stub .text.* .gnu.linkonce.t.*)
 .text          0x0000000000008310       0x2b /usr/lib/gcc/x86_64-linux-gnu/8/../../../x86_64-linux-gnu/Scrt1.o
                0x0000000000008310                _start
 .text          0x000000000000833b        0x0 /usr/lib/gcc/x86_64-linux-gnu/8/../../../x86_64-linux-gnu/crti.o
 *fill*         0x000000000000833b        0x5 
 .text          0x0000000000008340       0xb5 /usr/lib/gcc/x86_64-linux-gnu/8/crtbeginS.o
 .text          0x00000000000083f5      0x35e server.co
                0x00000000000083f5                collect_common_set_sink
                0x00000000000083fc                collect_common_net_print
                0x000000000000840f                collect_common_send
                0x0000000000008416                collect_common_net_init
 .text          0x0000000000008753      0x4bb obj_whitefield/collect-common.o
                0x00000000000087fc                collect_common_set_send_active
                0x000000000000880f                collect_common_recv
 .text          0x0000000000008c0e      0xd7d obj_whitefield/rpl-metrics.o
                0x0000000000008c0e                rpl_metrics_create_object
                0x0000000000008cfc                rpl_metrics_create_root_container
                0x0000000000008e69                rpl_metrics_copy_mc
                0x0000000000009097                rpl_metrics_write_object_to_metric_container
                0x00000000000092d9                rpl_metrics_read_from_metric_container
                0x00000000000093d0                rpl_metrics_array_of_metrics
                0x00000000000095ee                rpl_metrics_aggregated
                0x000000000000964f                rpl_metrics_update_metric_container
                0x00000000000098f6                rpl_metrics_satisfies_constraint
 .text          0x000000000000998b      0x398 obj_whitefield/rpl-metrics-get.o
                0x000000000000998b                rpl_metrics_get_NSA
                0x0000000000009996                rpl_metrics_get_energy
                0x00000000000099e2                rpl_metrics_get_hop_count
                0x0000000000009a67                rpl_metrics_get_throughput
                0x0000000000009a84                rpl_metrics_get_latency
                0x0000000000009aa1                rpl_metrics_get_LQL
                0x0000000000009aac                rpl_metrics_get_ETX
                0x0000000000009adf                rpl_metrics_get_LC
                0x0000000000009aea                rpl_metrics_etx_refresh
                0x0000000000009b68                rpl_metrics_power_refresh
 .text          0x0000000000009d23      0x510 obj_whitefield/rpl-metrics-containers-OF.o
 .text          0x000000000000a233      0xa1d contiki-whitefield.a(contiki-main.o)
                0x000000000000a233                sig_handler
                0x000000000000a25e                print_loc_addr
                0x000000000000a308                main
                0x000000000000abec                log_message
                0x000000000000ac22                uip_log
 .text          0x000000000000ac50       0xbd contiki-whitefield.a(clock.o)
                0x000000000000ac50                clock_time
                0x000000000000acc1                clock_seconds
                0x000000000000ad03                clock_delay
 .text          0x000000000000ad0d      0x959 contiki-whitefield.a(wfmac_driver.o)
                0x000000000000b206                get_tx_status
                0x000000000000b2c5                mac_handle_ack
 .text          0x000000000000b666      0x925 contiki-whitefield.a(wfradio_driver.)
                0x000000000000b690                radio_set_channel
                0x000000000000b69a                radio_set_txpower
                0x000000000000b6a6                radio_signal_strength_last
                0x000000000000b6b1                radio_signal_strength_current
                0x000000000000b6bc                radio_LQI
 .text          0x000000000000bf8b       0x40 contiki-whitefield.a(button-sensor.o)
                0x000000000000bf8b                button_press
 .text          0x000000000000bfcb       0x59 contiki-whitefield.a(pir-sensor.o)
                0x000000000000bfcb                pir_sensor_changed
 .text          0x000000000000c024       0x50 contiki-whitefield.a(vib-sensor.o)
                0x000000000000c024                vib_sensor_changed
 .text          0x000000000000c074      0x35f contiki-whitefield.a(sensors.o)
                0x000000000000c0c0                sensors_first
                0x000000000000c0cd                sensors_next
                0x000000000000c0ff                sensors_changed
                0x000000000000c145                sensors_find
 .text          0x000000000000c3d3      0x2a1 contiki-whitefield.a(command_storing)
                0x000000000000c3d3                get_route_list
                0x000000000000c636                cmd_rtsize
 .text          0x000000000000c674      0x3f4 contiki-whitefield.a(ctimer.o)
                0x000000000000c7c6                ctimer_init
                0x000000000000c7f4                ctimer_set
                0x000000000000c831                ctimer_set_with_process
                0x000000000000c8de                ctimer_reset
                0x000000000000c942                ctimer_restart
                0x000000000000c9a6                ctimer_stop
                0x000000000000ca00                ctimer_expired
 .text          0x000000000000ca68       0xb3 contiki-whitefield.a(autostart.o)
                0x000000000000ca68                autostart_start
                0x000000000000cac4                autostart_exit
 .text          0x000000000000cb1b       0x2a contiki-whitefield.a(energest.o)
                0x000000000000cb1b                energest_type_set
                0x000000000000cb29                energest_init
                0x000000000000cb30                energest_type_time
                0x000000000000cb3e                energest_flush
 .text          0x000000000000cb45      0x537 contiki-whitefield.a(etimer.o)
                0x000000000000cde5                etimer_request_poll
                0x000000000000ce86                etimer_set
                0x000000000000ceb8                etimer_reset_with_new_interval
                0x000000000000ceef                etimer_reset
                0x000000000000cf16                etimer_restart
                0x000000000000cf3d                etimer_adjust
                0x000000000000cf6a                etimer_expired
                0x000000000000cf85                etimer_expiration_time
                0x000000000000cfa1                etimer_start_time
                0x000000000000cfb2                etimer_pending
                0x000000000000cfc8                etimer_next_expiration_time
                0x000000000000cfe5                etimer_stop
 .text          0x000000000000d07c      0x602 contiki-whitefield.a(process.o)
                0x000000000000d07c                process_alloc_event
                0x000000000000d092                process_start
                0x000000000000d2d0                process_exit
                0x000000000000d2f5                process_init
                0x000000000000d4d6                process_run
                0x000000000000d507                process_nevents
                0x000000000000d523                process_post
                0x000000000000d5e7                process_post_synch
                0x000000000000d62b                process_poll
                0x000000000000d664                process_is_running
 .text          0x000000000000d67e       0xfb contiki-whitefield.a(rtimer.o)
                0x000000000000d67e                rtimer_init
                0x000000000000d68a                rtimer_set
                0x000000000000d70a                rtimer_run_next
 .text          0x000000000000d779       0xdf contiki-whitefield.a(timer.o)
                0x000000000000d779                timer_set
                0x000000000000d7a7                timer_reset
                0x000000000000d7cb                timer_restart
                0x000000000000d7e9                timer_expired
                0x000000000000d826                timer_remaining
 .text          0x000000000000d858      0x1f9 contiki-whitefield.a(serial-line.o)
                0x000000000000d858                serial_line_input_byte
                0x000000000000da21                serial_line_init
 .text          0x000000000000da51      0x134 contiki-whitefield.a(leds.o)
                0x000000000000daa4                leds_init
                0x000000000000dab7                leds_blink
                0x000000000000daee                leds_get
                0x000000000000daf9                leds_set
                0x000000000000db14                leds_on
                0x000000000000db38                leds_off
                0x000000000000db61                leds_toggle
 .text          0x000000000000db85      0x311 contiki-whitefield.a(list.o)
                0x000000000000db85                list_init
                0x000000000000db9b                list_head
                0x000000000000dbac                list_copy
                0x000000000000dbc9                list_tail
                0x000000000000dc0e                list_add
                0x000000000000dc6e                list_push
                0x000000000000dcad                list_chop
                0x000000000000dd36                list_pop
                0x000000000000dd6c                list_remove
                0x000000000000ddf4                list_length
                0x000000000000de2b                list_insert
                0x000000000000de77                list_item_next
 .text          0x000000000000de96       0x27 contiki-whitefield.a(random.o)
                0x000000000000de96                random_init
                0x000000000000deb2                random_rand
 .text          0x000000000000debd      0x189 contiki-whitefield.a(ringbuf.o)
                0x000000000000debd                ringbuf_init
                0x000000000000defa                ringbuf_put
                0x000000000000df85                ringbuf_get
                0x000000000000dfff                ringbuf_size
                0x000000000000e017                ringbuf_elements
 .text          0x000000000000e046      0xc6e contiki-whitefield.a(uip-ds6.o)
                0x000000000000e046                uip_ds6_init
                0x000000000000e1f5                uip_ds6_periodic
                0x000000000000e285                uip_ds6_list_loop
                0x000000000000e34b                uip_ds6_prefix_add
                0x000000000000e41b                uip_ds6_prefix_rm
                0x000000000000e435                uip_ds6_prefix_lookup
                0x000000000000e485                uip_ds6_is_addr_onlink
                0x000000000000e511                uip_ds6_addr_add
                0x000000000000e64e                uip_ds6_addr_rm
                0x000000000000e702                uip_ds6_addr_lookup
                0x000000000000e74c                uip_ds6_get_link_local
                0x000000000000e7e2                uip_ds6_get_global
                0x000000000000e878                uip_ds6_maddr_add
                0x000000000000e8e6                uip_ds6_maddr_rm
                0x000000000000e900                uip_ds6_maddr_lookup
                0x000000000000e94a                uip_ds6_aaddr_add
                0x000000000000e9b8                uip_ds6_aaddr_rm
                0x000000000000e9d2                uip_ds6_aaddr_lookup
                0x000000000000ea1c                uip_ds6_select_src
                0x000000000000eb97                uip_ds6_set_addr_iid
                0x000000000000ebcc                get_match_length
                0x000000000000ec76                uip_ds6_compute_reachable_time
 .text          0x000000000000ecb4      0xa54 contiki-whitefield.a(uip-ds6-route.o)
                0x000000000000ed37                uip_ds6_notification_add
                0x000000000000ed7a                uip_ds6_notification_rm
                0x000000000000ed9f                uip_ds6_route_init
                0x000000000000ee37                uip_ds6_route_nexthop
                0x000000000000ee67                uip_ds6_route_head
                0x000000000000ee7c                uip_ds6_route_next
                0x000000000000eeac                uip_ds6_route_is_nexthop
                0x000000000000eef7                uip_ds6_route_num_routes
                0x000000000000ef03                uip_ds6_route_lookup
                0x000000000000efdd                uip_ds6_route_add
                0x000000000000f231                uip_ds6_route_rm
                0x000000000000f409                uip_ds6_route_rm_by_nexthop
                0x000000000000f44e                uip_ds6_defrt_head
                0x000000000000f463                uip_ds6_defrt_add
                0x000000000000f520                uip_ds6_defrt_rm
                0x000000000000f5ac                uip_ds6_defrt_lookup
                0x000000000000f611                uip_ds6_defrt_choose
                0x000000000000f690                uip_ds6_defrt_periodic
 .text          0x000000000000f708     0x15a2 contiki-whitefield.a(uip6.o)
                0x000000000000f7c8                uip_chksum
                0x000000000000f8b6                uip_icmp6chksum
                0x000000000000f8c6                uip_udpchksum
                0x000000000000f8d6                uip_init
                0x000000000000f930                remove_ext_hdr
                0x000000000000fa0d                uip_udp_new
                0x000000000000fd8e                uip_process
                0x0000000000010b88                uip_htons
                0x0000000000010ba7                uip_htonl
                0x0000000000010beb                uip_send
 .text          0x0000000000010caa      0x2ef contiki-whitefield.a(uip-ds6-nbr.o)
                0x0000000000010caa                uip_ds6_neighbors_init
                0x0000000000010ccc                uip_ds6_nbr_add
                0x0000000000010d5f                uip_ds6_nbr_rm
                0x0000000000010dad                uip_ds6_nbr_get_ipaddr
                0x0000000000010dc9                uip_ds6_nbr_get_ll
                0x0000000000010ded                uip_ds6_nbr_num
                0x0000000000010e3b                uip_ds6_nbr_lookup
                0x0000000000010ead                uip_ds6_nbr_ll_lookup
                0x0000000000010ed1                uip_ds6_nbr_ipaddr_from_lladdr
                0x0000000000010f01                uip_ds6_nbr_lladdr_from_ipaddr
                0x0000000000010f39                uip_ds6_link_neighbor_callback
 .text          0x0000000000010f99      0x793 contiki-whitefield.a(uip-nd6.o)
                0x0000000000011719                uip_nd6_init
 .text          0x000000000001172c     0x3b1f contiki-whitefield.a(sicslowpan.o)
                0x0000000000011e1b                rime_sniffer_add
                0x0000000000011e31                rime_sniffer_remove
                0x0000000000013b29                sicslowpan_find_nexthopll
                0x0000000000013cef                sicslowpan_find_outgoing_vrbiface
                0x0000000000013f9d                sicslowpan_free_vrb
                0x0000000000013fef                sicslowpan_send_fragment
                0x00000000000151d8                sicslowpan_init
                0x000000000001523f                sicslowpan_get_last_rssi
 .text          0x000000000001524b      0x197 contiki-whitefield.a(uip-packetqueue)
                0x0000000000015283                uip_packetqueue_new
                0x0000000000015299                uip_packetqueue_alloc
                0x000000000001530f                uip_packetqueue_free
                0x0000000000015360                uip_packetqueue_buf
                0x0000000000015388                uip_packetqueue_buflen
                0x00000000000153b3                uip_packetqueue_set_buflen
 .text          0x00000000000153e2      0x7c0 contiki-whitefield.a(tcpip.o)
                0x00000000000153e2                tcpip_output
                0x000000000001541c                tcpip_set_outputfunc
                0x000000000001546c                udp_attach
                0x00000000000154a1                udp_new
                0x0000000000015507                udp_broadcast_new
                0x000000000001559f                icmp6_new
                0x00000000000155da                tcpip_icmp6_call
                0x000000000001570e                tcpip_input
                0x000000000001573b                tcpip_ipv6_find_nexthop
                0x00000000000157a1                tcpip_ipv6_output
                0x0000000000015a72                tcpip_poll_udp
                0x0000000000015a99                tcpip_uipcall
 .text          0x0000000000015ba2      0x174 contiki-whitefield.a(uip-debug.o)
                0x0000000000015ba2                uip_debug_ipaddr_print
 .text          0x0000000000015d16      0xb78 contiki-whitefield.a(rpl-ext-header.)
                0x0000000000015d16                rpl_verify_hbh_header
                0x0000000000016603                rpl_remove_header
                0x00000000000167a4                rpl_update_header
 .text          0x000000000001688e      0x81c contiki-whitefield.a(rpl.o)
                0x000000000001688e                rpl_get_mode
                0x000000000001689a                rpl_set_mode
                0x0000000000016979                rpl_purge_routes
                0x0000000000016ace                rpl_remove_routes
                0x0000000000016b24                rpl_remove_routes_by_nexthop
                0x0000000000016b99                rpl_add_route
                0x0000000000016ca0                rpl_link_neighbor_callback
                0x0000000000016d95                rpl_ipv6_neighbor_callback
                0x0000000000016e63                rpl_purge_dags
                0x0000000000017004                rpl_init
 .text          0x00000000000170aa     0x2845 contiki-whitefield.a(rpl-icmp6.o)
                0x00000000000173b7                rpl_icmp6_update_nbr_table
                0x00000000000175b6                dis_output
                0x0000000000017fd9                dio_output
                0x00000000000192c6                dao_output
                0x00000000000193a9                dao_output_target
                0x0000000000019834                dao_ack_output
                0x0000000000019866                dco_output
                0x0000000000019885                dco_ack_output
                0x00000000000198a0                rpl_icmp6_register_handlers
 .text          0x00000000000198ef     0x38b4 contiki-whitefield.a(rpl-dag.o)
                0x00000000000198ef                rpl_print_neighbor_list
                0x0000000000019b15                rpl_get_nbr
                0x0000000000019b72                rpl_dag_init
                0x0000000000019b8f                rpl_get_parent
                0x0000000000019bbb                rpl_get_parent_rank
                0x0000000000019bf9                rpl_get_parent_link_metric
                0x0000000000019c6c                rpl_rank_via_parent
                0x0000000000019cdf                rpl_get_parent_lladdr
                0x0000000000019d03                rpl_get_parent_ipaddr
                0x0000000000019d2d                rpl_get_parent_link_stats
                0x0000000000019d57                rpl_parent_is_fresh
                0x0000000000019d81                rpl_parent_is_reachable
                0x0000000000019f0b                lollipop_greater_than
                0x000000000001a219                rpl_set_root
                0x000000000001a531                rpl_repair_root
                0x000000000001a829                rpl_set_prefix
                0x000000000001a95f                rpl_set_default_route
                0x000000000001aa3e                rpl_alloc_instance
                0x000000000001aade                rpl_alloc_dag
                0x000000000001abc9                rpl_set_default_instance
                0x000000000001abdf                rpl_get_default_instance
                0x000000000001abec                rpl_free_instance
                0x000000000001acdb                rpl_free_dag
                0x000000000001ad95                rpl_add_parent
                0x000000000001aea3                rpl_find_parent
                0x000000000001af1d                rpl_find_parent_any_dag
                0x000000000001af70                rpl_select_dag
                0x000000000001b4df                rpl_select_parent
                0x000000000001b5ce                rpl_remove_parent
                0x000000000001b62e                rpl_nullify_parent
                0x000000000001b76e                rpl_move_parent
                0x000000000001b8c6                rpl_has_downward_route
                0x000000000001b921                rpl_get_dag
                0x000000000001ba78                rpl_get_any_dag
                0x000000000001bae9                rpl_get_instance
                0x000000000001bb5b                rpl_find_of
                0x000000000001bb99                rpl_join_instance
                0x000000000001bf92                rpl_add_dag
                0x000000000001c4d6                rpl_local_repair
                0x000000000001c623                rpl_recalculate_ranks
                0x000000000001c6e6                rpl_process_parent_event
                0x000000000001ca2c                rpl_process_dio
 .text          0x000000000001d1a3      0x32c contiki-whitefield.a(queuebuf.o)
                0x000000000001d1b4                queuebuf_init
                0x000000000001d1d3                queuebuf_numfree
                0x000000000001d1e5                queuebuf_new_from_packetbuf
                0x000000000001d28e                queuebuf_update_attr_from_packetbuf
                0x000000000001d2cd                queuebuf_update_from_packetbuf
                0x000000000001d325                queuebuf_free
                0x000000000001d374                queuebuf_to_packetbuf
                0x000000000001d3e6                queuebuf_dataptr
                0x000000000001d426                queuebuf_datalen
                0x000000000001d452                queuebuf_addr
                0x000000000001d491                queuebuf_attr
                0x000000000001d4c8                queuebuf_debug_print
 .text          0x000000000001d4cf      0x9b8 contiki-whitefield.a(nbr-table.o)
                0x000000000001da75                nbr_table_register
                0x000000000001dadc                nbr_table_head
                0x000000000001db43                nbr_table_next
                0x000000000001dbb9                nbr_table_add_lladdr
                0x000000000001dcab                nbr_table_get_from_lladdr
                0x000000000001dd03                nbr_table_remove
                0x000000000001dd53                nbr_table_lock
                0x000000000001dd81                nbr_table_unlock
                0x000000000001ddaf                nbr_table_get_lladdr
                0x000000000001ddee                nbr_table_update_lladdr
 .text          0x000000000001de87      0x4ca contiki-whitefield.a(packetbuf.o)
                0x000000000001de87                packetbuf_clear
                0x000000000001deb1                packetbuf_copyfrom
                0x000000000001df07                packetbuf_compact
                0x000000000001df8e                packetbuf_copyto
                0x000000000001e031                packetbuf_hdralloc
                0x000000000001e0bc                packetbuf_hdrreduce
                0x000000000001e108                packetbuf_set_datalen
                0x000000000001e120                packetbuf_dataptr
                0x000000000001e142                packetbuf_hdrptr
                0x000000000001e14f                packetbuf_datalen
                0x000000000001e15c                packetbuf_hdrlen
                0x000000000001e174                packetbuf_totlen
                0x000000000001e18b                packetbuf_remaininglen
                0x000000000001e19f                packetbuf_attr_clear
                0x000000000001e1f9                packetbuf_attr_copyto
                0x000000000001e23d                packetbuf_attr_copyfrom
                0x000000000001e281                packetbuf_set_attr
                0x000000000001e2b0                packetbuf_attr
                0x000000000001e2d0                packetbuf_set_addr
                0x000000000001e312                packetbuf_addr
                0x000000000001e338                packetbuf_holds_broadcast
 .text          0x000000000001e351       0x34 contiki-whitefield.a(netstack.o)
                0x000000000001e351                netstack_init
 .text          0x000000000001e385       0x71 contiki-whitefield.a(linkaddr.o)
                0x000000000001e385                linkaddr_copy
                0x000000000001e3a2                linkaddr_cmp
                0x000000000001e3d4                linkaddr_set_node_addr
 .text          0x000000000001e3f6       0x6c contiki-whitefield.a(net-debug.o)
                0x000000000001e3f6                net_debug_lladdr_print
 .text          0x000000000001e462      0x369 contiki-whitefield.a(link-stats.o)
                0x000000000001e462                link_stats_from_lladdr
                0x000000000001e486                link_stats_is_fresh
                0x000000000001e4d1                guess_etx_from_rssi
                0x000000000001e552                link_stats_packet_sent
                0x000000000001e678                link_stats_input_callback
                0x000000000001e793                link_stats_init
 .text          0x000000000001e7cb       0xbe contiki-whitefield.a(framer-nullmac.)
 .text          0x000000000001e889       0x49 contiki-whitefield.a(mac.o)
                0x000000000001e889                mac_call_sent_callback
 .text          0x000000000001e8d2      0x1ea contiki-whitefield.a(nullrdc.o)
 .text          0x000000000001eabc       0x50 contiki-whitefield.a(nullsec.o)
 .text          0x000000000001eb0c     0x1206 contiki-whitefield.a(uip.o)
                0x000000000001eb0c                uip_setipid
                0x000000000001eb24                uip_add32
                0x000000000001edaa                uip_tcpchksum
                0x000000000001eeab                uip_connect
                0x000000000001f1ca                uip_unlisten
                0x000000000001f23a                uip_listen
 .text          0x000000000001fd12     0x272b contiki-whitefield.a(command.o)
                0x000000000001fd12                cmd_start_udp
                0x000000000001fd9a                cmd_get_udpapp_stat
                0x000000000002054f                uip_ipaddr_to_str
                0x00000000000206ae                cmd_def_route
                0x00000000000206df                cmd_rpl_stats
                0x00000000000212e0                cmd_node_osname
                0x000000000002135e                cmd_ipv6_stats
                0x0000000000021835                cmd_icmp_stats
                0x0000000000021b2c                cmd_udp_stats
                0x0000000000021db7                cmd_tcp_stats
                0x0000000000021def                cmd_nd6_stats
                0x000000000002200e                cmd_config_info
                0x00000000000221a9                cmd_route_table
 .text          0x000000000002243d       0xf8 contiki-whitefield.a(rtimer-arch.o)
                0x0000000000022461                rtimer_arch_init
                0x0000000000022479                rtimer_arch_schedule
 .text          0x0000000000022535       0x2a contiki-whitefield.a(watchdog.o)
                0x0000000000022535                watchdog_init
                0x000000000002253c                watchdog_start
                0x0000000000022543                watchdog_periodic
                0x000000000002254a                watchdog_stop
                0x0000000000022551                watchdog_reboot
 .text          0x000000000002255f      0x106 contiki-whitefield.a(stimer.o)
                0x000000000002255f                stimer_set
                0x000000000002258d                stimer_reset
                0x00000000000225b1                stimer_restart
                0x00000000000225cf                stimer_expired
                0x0000000000022610                stimer_remaining
                0x0000000000022642                stimer_elapsed
 .text          0x0000000000022665      0x20e contiki-whitefield.a(memb.o)
                0x0000000000022665                memb_init
                0x00000000000226c4                memb_alloc
                0x000000000002273c                memb_free
                0x00000000000227d4                memb_inmemb
                0x0000000000022827                memb_numfree
 .text          0x0000000000022873      0xa7b contiki-whitefield.a(uip-icmp6.o)
                0x00000000000228ee                uip_icmp6_input
                0x000000000002294a                uip_icmp6_register_input_handler
                0x0000000000022b8a                uip_icmp6_error_output
                0x0000000000022f45                uip_icmp6_send
                0x0000000000023267                uip_icmp6_echo_reply_callback_add
                0x00000000000232aa                uip_icmp6_echo_reply_callback_rm
                0x00000000000232cf                uip_icmp6_init
 .text          0x00000000000232ee      0x396 contiki-whitefield.a(rpl-nbr-policy.)
                0x00000000000234f9                find_removable_dis
                0x0000000000023525                find_removable_dio
                0x00000000000235ba                find_removable_dao
                0x000000000002361b                rpl_nbr_policy_find_removable
 .text          0x0000000000023684      0xa0c contiki-whitefield.a(rpl-timers.o)
                0x000000000002399d                rpl_reset_periodic_timer
                0x00000000000239f0                rpl_reset_dio_timer
                0x0000000000023c72                rpl_schedule_dao
                0x0000000000023c92                rpl_schedule_dao_immediately
                0x0000000000023cb2                rpl_cancel_dao
                0x0000000000023d2d                rpl_schedule_unicast_dio_immediately
                0x0000000000023d5f                get_probing_delay
                0x0000000000023dee                get_probing_target
                0x0000000000024050                rpl_schedule_probing
 .text          0x0000000000024090      0x31c contiki-whitefield.a(rpl-mrhof.o)
 .text          0x00000000000243ac      0x724 contiki-whitefield.a(rpl-dag-root.o)
                0x00000000000247db                rpl_dag_root_init
                0x0000000000024813                rpl_dag_root_init_dag_immediately
                0x0000000000024a40                rpl_dag_root_init_dag
                0x0000000000024a7a                rpl_dag_root_is_root
 .text          0x0000000000024ad0      0xb96 ../../../../bin/libwf_commline.a(cl_stackline_helpers.o)
                0x0000000000024ad0                cl_get_id2longaddr
                0x0000000000024cf1                cl_get_longaddr2id
                0x0000000000024dc2                sl_handle_cmd
 .text          0x0000000000025666      0x441 ../../../../bin/libwf_commline.a(commline.o)
                0x0000000000025666                cl_init
                0x000000000002568b                cl_bind
                0x00000000000256aa                cl_cleanup
                0x00000000000256b6                cl_sendto_q
                0x0000000000025894                cl_recvfrom_q
                0x0000000000025a8d                cl_get_descriptor
 .text          0x0000000000025aa7     0x1430 ../../../../bin/libwf_commline.a(cl_usock.o)
                0x0000000000025aa7                usock_setabsaddr
                0x0000000000025b05                usock_init
                0x000000000002634d                usock_cleanup
                0x0000000000026530                usock_recvfrom
                0x00000000000268de                usock_sendto
                0x0000000000026b6b                usock_get_descriptor
 *fill*         0x0000000000026ed7        0x9 
 .text          0x0000000000026ee0       0x61 /usr/lib/x86_64-linux-gnu/libc_nonshared.a(elf-init.oS)
                0x0000000000026ee0                __libc_csu_init
                0x0000000000026f40                __libc_csu_fini
 .text          0x0000000000026f41        0x0 /usr/lib/gcc/x86_64-linux-gnu/8/crtendS.o
 .text          0x0000000000026f41        0x0 /usr/lib/gcc/x86_64-linux-gnu/8/../../../x86_64-linux-gnu/crtn.o
 *(.gnu.warning)

.fini           0x0000000000026f44        0x9
 *(SORT_NONE(.fini))
 .fini          0x0000000000026f44        0x4 /usr/lib/gcc/x86_64-linux-gnu/8/../../../x86_64-linux-gnu/crti.o
                0x0000000000026f44                _fini
 .fini          0x0000000000026f48        0x5 /usr/lib/gcc/x86_64-linux-gnu/8/../../../x86_64-linux-gnu/crtn.o
                [!provide]                        PROVIDE (__etext = .)
                [!provide]                        PROVIDE (_etext = .)
                [!provide]                        PROVIDE (etext = .)
                0x0000000000027000                . = ALIGN (CONSTANT (MAXPAGESIZE))
                0x0000000000027000                . = SEGMENT_START ("rodata-segment", (ALIGN (CONSTANT (MAXPAGESIZE)) + (. & (CONSTANT (MAXPAGESIZE) - 0x1))))

.rodata         0x0000000000027000     0x3205
 *(.rodata .rodata.* .gnu.linkonce.r.*)
 .rodata.cst4   0x0000000000027000        0x4 /usr/lib/gcc/x86_64-linux-gnu/8/../../../x86_64-linux-gnu/Scrt1.o
                0x0000000000027000                _IO_stdin_used
 .rodata        0x0000000000027004       0x1e server.co
 *fill*         0x0000000000027022        0x6 
 .rodata        0x0000000000027028       0xce obj_whitefield/collect-common.o
 .rodata        0x00000000000270f6       0x5d obj_whitefield/rpl-metrics-get.o
 *fill*         0x0000000000027153        0x5 
 .rodata        0x0000000000027158      0x162 contiki-whitefield.a(contiki-main.o)
 *fill*         0x00000000000272ba        0x6 
 .rodata        0x00000000000272c0      0x10f contiki-whitefield.a(wfmac_driver.o)
 *fill*         0x00000000000273cf        0x1 
 .rodata        0x00000000000273d0       0xbb contiki-whitefield.a(wfradio_driver.)
 .rodata        0x000000000002748b        0x7 contiki-whitefield.a(button-sensor.o)
 .rodata        0x0000000000027492        0x4 contiki-whitefield.a(pir-sensor.o)
 .rodata        0x0000000000027496        0xa contiki-whitefield.a(vib-sensor.o)
 .rodata        0x00000000000274a0        0x8 contiki-whitefield.a(sensors.o)
 .rodata        0x00000000000274a8       0x4b contiki-whitefield.a(command_storing)
 .rodata        0x00000000000274f3        0xf contiki-whitefield.a(ctimer.o)
 .rodata        0x0000000000027502        0xc contiki-whitefield.a(etimer.o)
 .rodata        0x000000000002750e        0xe contiki-whitefield.a(serial-line.o)
 .rodata        0x000000000002751c       0xf4 contiki-whitefield.a(uip6.o)
 .rodata        0x0000000000027610      0xa88 contiki-whitefield.a(sicslowpan.o)
                0x00000000000276ed                unc_llconf
                0x00000000000276f1                unc_ctxconf
                0x00000000000276f5                unc_mxconf
                0x00000000000276f9                llprefix
 .rodata        0x0000000000028098        0xd contiki-whitefield.a(tcpip.o)
 .rodata        0x00000000000280a5       0x28 contiki-whitefield.a(uip-debug.o)
 *fill*         0x00000000000280cd        0x3 
 .rodata        0x00000000000280d0      0x1d2 contiki-whitefield.a(rpl.o)
 *fill*         0x00000000000282a2        0x6 
 .rodata        0x00000000000282a8      0x933 contiki-whitefield.a(rpl-icmp6.o)
 *fill*         0x0000000000028bdb        0x5 
 .rodata        0x0000000000028be0      0xcb6 contiki-whitefield.a(rpl-dag.o)
 *fill*         0x0000000000029896        0x2 
 .rodata        0x0000000000029898        0x8 contiki-whitefield.a(linkaddr.o)
                0x0000000000029898                linkaddr_null
 .rodata        0x00000000000298a0       0x14 contiki-whitefield.a(net-debug.o)
 .rodata        0x00000000000298b4        0x8 contiki-whitefield.a(nullrdc.o)
 .rodata        0x00000000000298bc        0x8 contiki-whitefield.a(nullsec.o)
 .rodata        0x00000000000298c4        0x8 contiki-whitefield.a(uip.o)
                0x00000000000298c4                uip_broadcast_addr
                0x00000000000298c8                uip_all_zeroes_addr
 *fill*         0x00000000000298cc        0x4 
 .rodata        0x00000000000298d0      0x576 contiki-whitefield.a(command.o)
 .rodata        0x0000000000029e46       0x11 contiki-whitefield.a(rpl-dag-root.o)
 *fill*         0x0000000000029e57        0x9 
 .rodata        0x0000000000029e60      0x156 ../../../../bin/libwf_commline.a(cl_stackline_helpers.o)
 *fill*         0x0000000000029fb6        0x2 
 .rodata        0x0000000000029fb8       0xae ../../../../bin/libwf_commline.a(commline.o)
 *fill*         0x000000000002a066        0xa 
 .rodata        0x000000000002a070      0x195 ../../../../bin/libwf_commline.a(cl_usock.o)

.rodata1
 *(.rodata1)

.eh_frame_hdr   0x000000000002a208     0x12ac
 *(.eh_frame_hdr)
 .eh_frame_hdr  0x000000000002a208     0x12ac /usr/lib/gcc/x86_64-linux-gnu/8/../../../x86_64-linux-gnu/Scrt1.o
                0x000000000002a208                __GNU_EH_FRAME_HDR
 *(.eh_frame_entry .eh_frame_entry.*)

.eh_frame       0x000000000002b4b8     0x4b48
 *(.eh_frame)
 .eh_frame      0x000000000002b4b8       0x30 /usr/lib/gcc/x86_64-linux-gnu/8/../../../x86_64-linux-gnu/Scrt1.o
                                         0x2c (size before relaxing)
 *fill*         0x000000000002b4e8        0x0 
 .eh_frame      0x000000000002b4e8       0x40 /usr/lib/gcc/x86_64-linux-gnu/8/../../../x86_64-linux-gnu/Scrt1.o
 .eh_frame      0x000000000002b528       0x18 /usr/lib/gcc/x86_64-linux-gnu/8/../../../x86_64-linux-gnu/Scrt1.o
                                         0x30 (size before relaxing)
 .eh_frame      0x000000000002b540       0xe0 server.co
                                         0xf8 (size before relaxing)
 .eh_frame      0x000000000002b620       0xa0 obj_whitefield/collect-common.o
                                         0xb8 (size before relaxing)
 .eh_frame      0x000000000002b6c0      0x128 obj_whitefield/rpl-metrics.o
                                        0x140 (size before relaxing)
 .eh_frame      0x000000000002b7e8      0x140 obj_whitefield/rpl-metrics-get.o
                                        0x158 (size before relaxing)
 .eh_frame      0x000000000002b928       0xe0 obj_whitefield/rpl-metrics-containers-OF.o
                                         0xf8 (size before relaxing)
 .eh_frame      0x000000000002ba08       0xa0 contiki-whitefield.a(contiki-main.o)
                                         0xb8 (size before relaxing)
 .eh_frame      0x000000000002baa8       0x60 contiki-whitefield.a(clock.o)
                                         0x78 (size before relaxing)
 .eh_frame      0x000000000002bb08      0x108 contiki-whitefield.a(wfmac_driver.o)
                                        0x120 (size before relaxing)
 .eh_frame      0x000000000002bc10      0x300 contiki-whitefield.a(wfradio_driver.)
                                        0x318 (size before relaxing)
 .eh_frame      0x000000000002bf10       0x80 contiki-whitefield.a(button-sensor.o)
                                         0x98 (size before relaxing)
 .eh_frame      0x000000000002bf90       0x80 contiki-whitefield.a(pir-sensor.o)
                                         0x98 (size before relaxing)
 .eh_frame      0x000000000002c010       0x80 contiki-whitefield.a(vib-sensor.o)
                                         0x98 (size before relaxing)
 .eh_frame      0x000000000002c090       0xc0 contiki-whitefield.a(sensors.o)
                                         0xd8 (size before relaxing)
 .eh_frame      0x000000000002c150       0x40 contiki-whitefield.a(command_storing)
                                         0x58 (size before relaxing)
 .eh_frame      0x000000000002c190      0x100 contiki-whitefield.a(ctimer.o)
                                        0x118 (size before relaxing)
 .eh_frame      0x000000000002c290       0x40 contiki-whitefield.a(autostart.o)
                                         0x58 (size before relaxing)
 .eh_frame      0x000000000002c2d0       0x80 contiki-whitefield.a(energest.o)
                                         0x98 (size before relaxing)
 .eh_frame      0x000000000002c350      0x1e0 contiki-whitefield.a(etimer.o)
                                        0x1f8 (size before relaxing)
 .eh_frame      0x000000000002c530      0x1c8 contiki-whitefield.a(process.o)
                                        0x1e0 (size before relaxing)
 .eh_frame      0x000000000002c6f8       0x60 contiki-whitefield.a(rtimer.o)
                                         0x78 (size before relaxing)
 .eh_frame      0x000000000002c758       0xa0 contiki-whitefield.a(timer.o)
                                         0xb8 (size before relaxing)
 .eh_frame      0x000000000002c7f8       0x60 contiki-whitefield.a(serial-line.o)
                                         0x78 (size before relaxing)
 .eh_frame      0x000000000002c858      0x100 contiki-whitefield.a(leds.o)
                                        0x118 (size before relaxing)
 .eh_frame      0x000000000002c958      0x180 contiki-whitefield.a(list.o)
                                        0x198 (size before relaxing)
 .eh_frame      0x000000000002cad8       0x40 contiki-whitefield.a(random.o)
                                         0x58 (size before relaxing)
 .eh_frame      0x000000000002cb18       0xa0 contiki-whitefield.a(ringbuf.o)
                                         0xb8 (size before relaxing)
 .eh_frame      0x000000000002cbb8      0x2c8 contiki-whitefield.a(uip-ds6.o)
                                        0x2e0 (size before relaxing)
 .eh_frame      0x000000000002ce80      0x2c0 contiki-whitefield.a(uip-ds6-route.o)
                                        0x2d8 (size before relaxing)
 .eh_frame      0x000000000002d140      0x1a8 contiki-whitefield.a(uip6.o)
                                        0x1c0 (size before relaxing)
 .eh_frame      0x000000000002d2e8      0x160 contiki-whitefield.a(uip-ds6-nbr.o)
                                        0x178 (size before relaxing)
 .eh_frame      0x000000000002d448       0x80 contiki-whitefield.a(uip-nd6.o)
                                         0x98 (size before relaxing)
 .eh_frame      0x000000000002d4c8      0x348 contiki-whitefield.a(sicslowpan.o)
                                        0x360 (size before relaxing)
 .eh_frame      0x000000000002d810       0xe0 contiki-whitefield.a(uip-packetqueue)
                                         0xf8 (size before relaxing)
 .eh_frame      0x000000000002d8f0      0x208 contiki-whitefield.a(tcpip.o)
                                        0x220 (size before relaxing)
 .eh_frame      0x000000000002daf8       0x20 contiki-whitefield.a(uip-debug.o)
                                         0x38 (size before relaxing)
 .eh_frame      0x000000000002db18       0xa0 contiki-whitefield.a(rpl-ext-header.)
                                         0xb8 (size before relaxing)
 .eh_frame      0x000000000002dbb8      0x140 contiki-whitefield.a(rpl.o)
                                        0x158 (size before relaxing)
 .eh_frame      0x000000000002dcf8      0x308 contiki-whitefield.a(rpl-icmp6.o)
                                        0x320 (size before relaxing)
 .eh_frame      0x000000000002e000      0x710 contiki-whitefield.a(rpl-dag.o)
                                        0x728 (size before relaxing)
 .eh_frame      0x000000000002e710      0x1a0 contiki-whitefield.a(queuebuf.o)
                                        0x1b8 (size before relaxing)
 .eh_frame      0x000000000002e8b0      0x2a0 contiki-whitefield.a(nbr-table.o)
                                        0x2b8 (size before relaxing)
 .eh_frame      0x000000000002eb50      0x2a8 contiki-whitefield.a(packetbuf.o)
                                        0x2c0 (size before relaxing)
 .eh_frame      0x000000000002edf8       0x20 contiki-whitefield.a(netstack.o)
                                         0x38 (size before relaxing)
 .eh_frame      0x000000000002ee18       0x60 contiki-whitefield.a(linkaddr.o)
                                         0x78 (size before relaxing)
 .eh_frame      0x000000000002ee78       0x20 contiki-whitefield.a(net-debug.o)
                                         0x38 (size before relaxing)
 .eh_frame      0x000000000002ee98       0xe0 contiki-whitefield.a(link-stats.o)
                                         0xf8 (size before relaxing)
 .eh_frame      0x000000000002ef78       0x60 contiki-whitefield.a(framer-nullmac.)
                                         0x78 (size before relaxing)
 .eh_frame      0x000000000002efd8       0x20 contiki-whitefield.a(mac.o)
                                         0x38 (size before relaxing)
 .eh_frame      0x000000000002eff8      0x108 contiki-whitefield.a(nullrdc.o)
                                        0x120 (size before relaxing)
 .eh_frame      0x000000000002f100       0x60 contiki-whitefield.a(nullsec.o)
                                         0x78 (size before relaxing)
 .eh_frame      0x000000000002f160      0x230 contiki-whitefield.a(uip.o)
                                        0x248 (size before relaxing)
 .eh_frame      0x000000000002f390      0x1a0 contiki-whitefield.a(command.o)
                                        0x1b8 (size before relaxing)
 .eh_frame      0x000000000002f530       0x60 contiki-whitefield.a(rtimer-arch.o)
                                         0x78 (size before relaxing)
 .eh_frame      0x000000000002f590       0xa0 contiki-whitefield.a(watchdog.o)
                                         0xb8 (size before relaxing)
 .eh_frame      0x000000000002f630       0xc0 contiki-whitefield.a(stimer.o)
                                         0xd8 (size before relaxing)
 .eh_frame      0x000000000002f6f0       0xa0 contiki-whitefield.a(memb.o)
                                         0xb8 (size before relaxing)
 .eh_frame      0x000000000002f790      0x148 contiki-whitefield.a(uip-icmp6.o)
                                        0x160 (size before relaxing)
 .eh_frame      0x000000000002f8d8       0xc0 contiki-whitefield.a(rpl-nbr-policy.)
                                         0xd8 (size before relaxing)
 .eh_frame      0x000000000002f998      0x228 contiki-whitefield.a(rpl-timers.o)
                                        0x240 (size before relaxing)
 .eh_frame      0x000000000002fbc0       0xe0 contiki-whitefield.a(rpl-mrhof.o)
                                         0xf8 (size before relaxing)
 .eh_frame      0x000000000002fca0      0x120 contiki-whitefield.a(rpl-dag-root.o)
                                        0x138 (size before relaxing)
 .eh_frame      0x000000000002fdc0       0x60 ../../../../bin/libwf_commline.a(cl_stackline_helpers.o)
                                         0x78 (size before relaxing)
 .eh_frame      0x000000000002fe20       0xc0 ../../../../bin/libwf_commline.a(commline.o)
                                         0xd8 (size before relaxing)
 .eh_frame      0x000000000002fee0       0xc0 ../../../../bin/libwf_commline.a(cl_usock.o)
                                         0xd8 (size before relaxing)
 .eh_frame      0x000000000002ffa0       0x5c /usr/lib/x86_64-linux-gnu/libc_nonshared.a(elf-init.oS)
                                         0x78 (size before relaxing)
 .eh_frame      0x000000000002fffc        0x4 /usr/lib/gcc/x86_64-linux-gnu/8/crtendS.o
 *(.eh_frame.*)

.gcc_except_table
 *(.gcc_except_table .gcc_except_table.*)

.gnu_extab
 *(.gnu_extab*)

.exception_ranges
 *(.exception_ranges*)
                0x0000000000030a50                . = DATA_SEGMENT_ALIGN (CONSTANT (MAXPAGESIZE), CONSTANT (COMMONPAGESIZE))

.eh_frame
 *(.eh_frame)
 *(.eh_frame.*)

.gnu_extab
 *(.gnu_extab)

.gcc_except_table
 *(.gcc_except_table .gcc_except_table.*)

.exception_ranges
 *(.exception_ranges*)

.tdata          0x0000000000030a50        0x0
                [!provide]                        PROVIDE (__tdata_start = .)
 *(.tdata .tdata.* .gnu.linkonce.td.*)

.tbss
 *(.tbss .tbss.* .gnu.linkonce.tb.*)
 *(.tcommon)

.preinit_array  0x0000000000030a50        0x0
                [!provide]                        PROVIDE (__preinit_array_start = .)
 *(.preinit_array)
                [!provide]                        PROVIDE (__preinit_array_end = .)

.init_array     0x0000000000030a50        0x8
                0x0000000000030a50                PROVIDE (__init_array_start = .)
 *(SORT_BY_INIT_PRIORITY(.init_array.*) SORT_BY_INIT_PRIORITY(.ctors.*))
 *(.init_array EXCLUDE_FILE(*crtend?.o *crtend.o *crtbegin?.o *crtbegin.o) .ctors)
 .init_array    0x0000000000030a50        0x8 /usr/lib/gcc/x86_64-linux-gnu/8/crtbeginS.o
                0x0000000000030a58                PROVIDE (__init_array_end = .)

.fini_array     0x0000000000030a58        0x8
                [!provide]                        PROVIDE (__fini_array_start = .)
 *(SORT_BY_INIT_PRIORITY(.fini_array.*) SORT_BY_INIT_PRIORITY(.dtors.*))
 *(.fini_array EXCLUDE_FILE(*crtend?.o *crtend.o *crtbegin?.o *crtbegin.o) .dtors)
 .fini_array    0x0000000000030a58        0x8 /usr/lib/gcc/x86_64-linux-gnu/8/crtbeginS.o
                [!provide]                        PROVIDE (__fini_array_end = .)

.ctors
 *crtbegin.o(.ctors)
 *crtbegin?.o(.ctors)
 *(EXCLUDE_FILE(*crtend?.o *crtend.o) .ctors)
 *(SORT_BY_NAME(.ctors.*))
 *(.ctors)

.dtors
 *crtbegin.o(.dtors)
 *crtbegin?.o(.dtors)
 *(EXCLUDE_FILE(*crtend?.o *crtend.o) .dtors)
 *(SORT_BY_NAME(.dtors.*))
 *(.dtors)

.jcr
 *(.jcr)

.data.rel.ro    0x0000000000030a60      0x1e0
 *(.data.rel.ro.local* .gnu.linkonce.d.rel.ro.local.*)
 .data.rel.ro.local
                0x0000000000030a60       0x38 contiki-whitefield.a(wfmac_driver.o)
                0x0000000000030a60                wfmac_driver
 *fill*         0x0000000000030a98        0x8 
 .data.rel.ro.local
                0x0000000000030aa0       0x70 contiki-whitefield.a(wfradio_driver.)
                0x0000000000030aa0                wfradio_driver
 *fill*         0x0000000000030b10       0x10 
 .data.rel.ro.local
                0x0000000000030b20       0x20 contiki-whitefield.a(button-sensor.o)
                0x0000000000030b20                button_sensor
 .data.rel.ro.local
                0x0000000000030b40       0x20 contiki-whitefield.a(pir-sensor.o)
                0x0000000000030b40                pir_sensor
 .data.rel.ro.local
                0x0000000000030b60       0x20 contiki-whitefield.a(vib-sensor.o)
                0x0000000000030b60                vib_sensor
 .data.rel.ro.local
                0x0000000000030b80       0x18 contiki-whitefield.a(sicslowpan.o)
                0x0000000000030b80                sicslowpan_driver
 *fill*         0x0000000000030b98        0x8 
 .data.rel.ro.local
                0x0000000000030ba0       0x18 contiki-whitefield.a(framer-nullmac.)
                0x0000000000030ba0                framer_nullmac
 *fill*         0x0000000000030bb8        0x8 
 .data.rel.ro.local
                0x0000000000030bc0       0x40 contiki-whitefield.a(nullrdc.o)
                0x0000000000030bc0                nullrdc_driver
 .data.rel.ro.local
                0x0000000000030c00       0x20 contiki-whitefield.a(nullsec.o)
                0x0000000000030c00                nullsec_driver
 *(.data.rel.ro .data.rel.ro.* .gnu.linkonce.d.rel.ro.*)
 .data.rel.ro   0x0000000000030c20        0x0 /usr/lib/gcc/x86_64-linux-gnu/8/../../../x86_64-linux-gnu/Scrt1.o
 .data.rel.ro   0x0000000000030c20       0x18 server.co
                0x0000000000030c20                autostart_processes
 .data.rel.ro   0x0000000000030c38        0x8 contiki-whitefield.a(rpl-dag.o)

.dynamic        0x0000000000030c40      0x200
 *(.dynamic)
 .dynamic       0x0000000000030c40      0x200 /usr/lib/gcc/x86_64-linux-gnu/8/../../../x86_64-linux-gnu/Scrt1.o
                0x0000000000030c40                _DYNAMIC

.got            0x0000000000030e40      0x1a8
 *(.got.plt)
 .got.plt       0x0000000000030e40      0x180 /usr/lib/gcc/x86_64-linux-gnu/8/../../../x86_64-linux-gnu/Scrt1.o
                0x0000000000030e40                _GLOBAL_OFFSET_TABLE_
 *(.igot.plt)
 *(.got)
 .got           0x0000000000030fc0       0x28 /usr/lib/gcc/x86_64-linux-gnu/8/../../../x86_64-linux-gnu/Scrt1.o
 *(.igot)
                0x0000000000031000                . = DATA_SEGMENT_RELRO_END (., 0x0)

.data           0x0000000000031000      0x568
 *(.data .data.* .gnu.linkonce.d.*)
 .data          0x0000000000031000        0x4 /usr/lib/gcc/x86_64-linux-gnu/8/../../../x86_64-linux-gnu/Scrt1.o
                0x0000000000031000                data_start
                0x0000000000031000                __data_start
 .data          0x0000000000031004        0x0 /usr/lib/gcc/x86_64-linux-gnu/8/../../../x86_64-linux-gnu/crti.o
 .data          0x0000000000031004        0x0 /usr/lib/gcc/x86_64-linux-gnu/8/crtbeginS.o
 *fill*         0x0000000000031004        0x4 
 .data.rel.local
                0x0000000000031008        0x8 /usr/lib/gcc/x86_64-linux-gnu/8/crtbeginS.o
                0x0000000000031008                __dso_handle
 .data          0x0000000000031010        0x0 server.co
 *fill*         0x0000000000031010       0x10 
 .data.rel.local
                0x0000000000031020       0x20 server.co
                0x0000000000031020                udp_server_process
 .data          0x0000000000031040        0x4 obj_whitefield/collect-common.o
 *fill*         0x0000000000031044       0x1c 
 .data.rel.local
                0x0000000000031060       0x20 obj_whitefield/collect-common.o
                0x0000000000031060                collect_common_process
 .data          0x0000000000031080        0x0 obj_whitefield/rpl-metrics.o
 .data          0x0000000000031080        0x0 obj_whitefield/rpl-metrics-get.o
 .data          0x0000000000031080        0x1 obj_whitefield/rpl-metrics-containers-OF.o
 *fill*         0x0000000000031081       0x1f 
 .data.rel.local
                0x00000000000310a0       0x48 obj_whitefield/rpl-metrics-containers-OF.o
                0x00000000000310a0                rpl_metrics_containers_OF
 .data          0x00000000000310e8        0x0 contiki-whitefield.a(contiki-main.o)
 *fill*         0x00000000000310e8       0x18 
 .data.rel      0x0000000000031100       0x20 contiki-whitefield.a(contiki-main.o)
                0x0000000000031100                sensors
 .data          0x0000000000031120        0x0 contiki-whitefield.a(clock.o)
 .data          0x0000000000031120        0x0 contiki-whitefield.a(wfmac_driver.o)
 .data          0x0000000000031120        0x0 contiki-whitefield.a(wfradio_driver.)
 .data.rel.local
                0x0000000000031120       0x20 contiki-whitefield.a(wfradio_driver.)
                0x0000000000031120                wfradio_process
 .data          0x0000000000031140        0x0 contiki-whitefield.a(button-sensor.o)
 .data          0x0000000000031140        0x0 contiki-whitefield.a(pir-sensor.o)
 .data          0x0000000000031140        0x0 contiki-whitefield.a(vib-sensor.o)
 .data          0x0000000000031140        0x0 contiki-whitefield.a(sensors.o)
 .data.rel.local
                0x0000000000031140       0x20 contiki-whitefield.a(sensors.o)
                0x0000000000031140                sensors_process
 .data          0x0000000000031160        0x0 contiki-whitefield.a(command_storing)
 .data          0x0000000000031160        0x0 contiki-whitefield.a(ctimer.o)
 .data.rel.local
                0x0000000000031160       0x40 contiki-whitefield.a(ctimer.o)
                0x0000000000031180                ctimer_process
 .data          0x00000000000311a0        0x0 contiki-whitefield.a(autostart.o)
 .data          0x00000000000311a0        0x0 contiki-whitefield.a(energest.o)
 .data          0x00000000000311a0        0x0 contiki-whitefield.a(etimer.o)
 .data.rel.local
                0x00000000000311a0       0x20 contiki-whitefield.a(etimer.o)
                0x00000000000311a0                etimer_process
 .data          0x00000000000311c0        0x0 contiki-whitefield.a(process.o)
 .data          0x00000000000311c0        0x0 contiki-whitefield.a(rtimer.o)
 .data          0x00000000000311c0        0x0 contiki-whitefield.a(timer.o)
 .data          0x00000000000311c0        0x0 contiki-whitefield.a(serial-line.o)
 .data.rel.local
                0x00000000000311c0       0x20 contiki-whitefield.a(serial-line.o)
                0x00000000000311c0                serial_line_process
 .data          0x00000000000311e0        0x0 contiki-whitefield.a(leds.o)
 .data          0x00000000000311e0        0x0 contiki-whitefield.a(list.o)
 .data          0x00000000000311e0        0x0 contiki-whitefield.a(random.o)
 .data          0x00000000000311e0        0x0 contiki-whitefield.a(ringbuf.o)
 .data          0x00000000000311e0        0x0 contiki-whitefield.a(uip-ds6.o)
 .data          0x00000000000311e0        0x0 contiki-whitefield.a(uip-ds6-route.o)
 .data.rel.local
                0x00000000000311e0       0x80 contiki-whitefield.a(uip-ds6-route.o)
                0x00000000000311f8                nbr_routes
 .data          0x0000000000031260        0x0 contiki-whitefield.a(uip6.o)
 .data          0x0000000000031260        0x0 contiki-whitefield.a(uip-ds6-nbr.o)
 .data.rel.local
                0x0000000000031260       0x20 contiki-whitefield.a(uip-ds6-nbr.o)
                0x0000000000031278                ds6_neighbors
 .data          0x0000000000031280        0x0 contiki-whitefield.a(uip-nd6.o)
 .data.rel.local
                0x0000000000031280       0x18 contiki-whitefield.a(uip-nd6.o)
 .data          0x0000000000031298        0x2 contiki-whitefield.a(sicslowpan.o)
 *fill*         0x000000000003129a        0x6 
 .data.rel.local
                0x00000000000312a0       0x28 contiki-whitefield.a(sicslowpan.o)
 .data          0x00000000000312c8        0x0 contiki-whitefield.a(uip-packetqueue)
 *fill*         0x00000000000312c8        0x8 
 .data.rel.local
                0x00000000000312d0       0x18 contiki-whitefield.a(uip-packetqueue)
 .data          0x00000000000312e8        0x0 contiki-whitefield.a(tcpip.o)
 *fill*         0x00000000000312e8       0x18 
 .data.rel.local
                0x0000000000031300       0x20 contiki-whitefield.a(tcpip.o)
                0x0000000000031300                tcpip_process
 .data          0x0000000000031320        0x0 contiki-whitefield.a(uip-debug.o)
 .data          0x0000000000031320        0x0 contiki-whitefield.a(rpl-ext-header.)
 .data          0x0000000000031320        0x0 contiki-whitefield.a(rpl.o)
 .data          0x0000000000031320        0x1 contiki-whitefield.a(rpl-icmp6.o)
 *fill*         0x0000000000031321        0xf 
 .data.rel.local
                0x0000000000031330       0xb8 contiki-whitefield.a(rpl-icmp6.o)
 .data          0x00000000000313e8        0x0 contiki-whitefield.a(rpl-dag.o)
 *fill*         0x00000000000313e8        0x8 
 .data.rel.local
                0x00000000000313f0       0x20 contiki-whitefield.a(rpl-dag.o)
                0x0000000000031408                rpl_parents
 .data          0x0000000000031410        0x0 contiki-whitefield.a(queuebuf.o)
 .data.rel.local
                0x0000000000031410       0x38 contiki-whitefield.a(queuebuf.o)
 .data          0x0000000000031448        0x0 contiki-whitefield.a(nbr-table.o)
 *fill*         0x0000000000031448        0x8 
 .data.rel.local
                0x0000000000031450       0x20 contiki-whitefield.a(nbr-table.o)
 .data          0x0000000000031470        0x0 contiki-whitefield.a(packetbuf.o)
 .data.rel.local
                0x0000000000031470        0x8 contiki-whitefield.a(packetbuf.o)
 .data          0x0000000000031478        0x0 contiki-whitefield.a(netstack.o)
 .data          0x0000000000031478        0x0 contiki-whitefield.a(linkaddr.o)
 .data          0x0000000000031478        0x0 contiki-whitefield.a(net-debug.o)
 .data          0x0000000000031478        0x0 contiki-whitefield.a(link-stats.o)
 *fill*         0x0000000000031478        0x8 
 .data.rel.local
                0x0000000000031480       0x20 contiki-whitefield.a(link-stats.o)
 .data          0x00000000000314a0        0x0 contiki-whitefield.a(framer-nullmac.)
 .data          0x00000000000314a0        0x0 contiki-whitefield.a(mac.o)
 .data          0x00000000000314a0        0x0 contiki-whitefield.a(nullrdc.o)
 .data          0x00000000000314a0        0x0 contiki-whitefield.a(nullsec.o)
 .data          0x00000000000314a0        0x0 contiki-whitefield.a(uip.o)
 .data          0x00000000000314a0        0x0 contiki-whitefield.a(command.o)
 .data          0x00000000000314a0        0x0 contiki-whitefield.a(rtimer-arch.o)
 .data          0x00000000000314a0        0x0 contiki-whitefield.a(watchdog.o)
 .data          0x00000000000314a0        0x0 contiki-whitefield.a(stimer.o)
 .data          0x00000000000314a0        0x0 contiki-whitefield.a(memb.o)
 .data          0x00000000000314a0        0x0 contiki-whitefield.a(uip-icmp6.o)
 .data.rel.local
                0x00000000000314a0       0x48 contiki-whitefield.a(uip-icmp6.o)
 .data          0x00000000000314e8        0x0 contiki-whitefield.a(rpl-nbr-policy.)
 .data          0x00000000000314e8        0x0 contiki-whitefield.a(rpl-timers.o)
 .data          0x00000000000314e8        0x0 contiki-whitefield.a(rpl-mrhof.o)
 *fill*         0x00000000000314e8       0x18 
 .data.rel.local
                0x0000000000031500       0x48 contiki-whitefield.a(rpl-mrhof.o)
                0x0000000000031500                rpl_mrhof
 .data          0x0000000000031548        0x0 contiki-whitefield.a(rpl-dag-root.o)
 .data          0x0000000000031548        0x8 ../../../../bin/libwf_commline.a(cl_stackline_helpers.o)
 .data          0x0000000000031550        0x0 ../../../../bin/libwf_commline.a(commline.o)
 .data          0x0000000000031550       0x18 ../../../../bin/libwf_commline.a(cl_usock.o)
                0x0000000000031550                g_usock_fd
                0x0000000000031564                g_def_line
 .data          0x0000000000031568        0x0 /usr/lib/x86_64-linux-gnu/libc_nonshared.a(elf-init.oS)
 .data          0x0000000000031568        0x0 /usr/lib/gcc/x86_64-linux-gnu/8/crtendS.o
 .data          0x0000000000031568        0x0 /usr/lib/gcc/x86_64-linux-gnu/8/../../../x86_64-linux-gnu/crtn.o

.tm_clone_table
                0x0000000000031568        0x0
 .tm_clone_table
                0x0000000000031568        0x0 /usr/lib/gcc/x86_64-linux-gnu/8/crtbeginS.o
 .tm_clone_table
                0x0000000000031568        0x0 /usr/lib/gcc/x86_64-linux-gnu/8/crtendS.o

.data1
 *(.data1)
                0x0000000000031568                _edata = .
                [!provide]                        PROVIDE (edata = .)
                0x0000000000031568                . = .
                0x0000000000031568                __bss_start = .

.bss            0x0000000000031580     0x5c50
 *(.dynbss)
 .dynbss        0x0000000000031580        0x8 /usr/lib/gcc/x86_64-linux-gnu/8/../../../x86_64-linux-gnu/Scrt1.o
                0x0000000000031580                stdout@@GLIBC_2.2.5
 *(.bss .bss.* .gnu.linkonce.b.*)
 .bss           0x0000000000031588        0x0 /usr/lib/gcc/x86_64-linux-gnu/8/../../../x86_64-linux-gnu/Scrt1.o
 .bss           0x0000000000031588        0x0 /usr/lib/gcc/x86_64-linux-gnu/8/../../../x86_64-linux-gnu/crti.o
 .bss           0x0000000000031588        0x1 /usr/lib/gcc/x86_64-linux-gnu/8/crtbeginS.o
 *fill*         0x0000000000031589        0x7 
 .bss           0x0000000000031590        0x8 server.co
 *fill*         0x0000000000031598        0x8 
 .bss           0x00000000000315a0       0x60 obj_whitefield/collect-common.o
 .bss           0x0000000000031600        0x0 obj_whitefield/rpl-metrics.o
 .bss           0x0000000000031600        0x6 obj_whitefield/rpl-metrics-get.o
 .bss           0x0000000000031606        0x0 obj_whitefield/rpl-metrics-containers-OF.o
 *fill*         0x0000000000031606       0x1a 
 .bss           0x0000000000031620       0xa0 contiki-whitefield.a(contiki-main.o)
                0x0000000000031620                gNodeID
                0x0000000000031640                gMutex
 .bss           0x00000000000316c0        0x0 contiki-whitefield.a(clock.o)
 .bss           0x00000000000316c0       0x40 contiki-whitefield.a(wfmac_driver.o)
 .bss           0x0000000000031700       0x20 contiki-whitefield.a(wfradio_driver.)
 .bss           0x0000000000031720        0x0 contiki-whitefield.a(button-sensor.o)
 .bss           0x0000000000031720        0x4 contiki-whitefield.a(pir-sensor.o)
 .bss           0x0000000000031724        0x4 contiki-whitefield.a(vib-sensor.o)
 .bss           0x0000000000031728        0xc contiki-whitefield.a(sensors.o)
 .bss           0x0000000000031734        0x0 contiki-whitefield.a(command_storing)
 *fill*         0x0000000000031734        0x4 
 .bss           0x0000000000031738        0x9 contiki-whitefield.a(ctimer.o)
 .bss           0x0000000000031741        0x0 contiki-whitefield.a(autostart.o)
 .bss           0x0000000000031741        0x0 contiki-whitefield.a(energest.o)
 *fill*         0x0000000000031741        0x7 
 .bss           0x0000000000031748       0x10 contiki-whitefield.a(etimer.o)
 *fill*         0x0000000000031758        0x8 
 .bss           0x0000000000031760      0x321 contiki-whitefield.a(process.o)
                0x0000000000031760                process_list
                0x0000000000031768                process_current
 *fill*         0x0000000000031a81        0x7 
 .bss           0x0000000000031a88        0x8 contiki-whitefield.a(rtimer.o)
 .bss           0x0000000000031a90        0x0 contiki-whitefield.a(timer.o)
 *fill*         0x0000000000031a90       0x10 
 .bss           0x0000000000031aa0      0x140 contiki-whitefield.a(serial-line.o)
 .bss           0x0000000000031be0        0x1 contiki-whitefield.a(leds.o)
 .bss           0x0000000000031be1        0x0 contiki-whitefield.a(list.o)
 .bss           0x0000000000031be1        0x0 contiki-whitefield.a(random.o)
 .bss           0x0000000000031be1        0x0 contiki-whitefield.a(ringbuf.o)
 *fill*         0x0000000000031be1        0xf 
 .bss           0x0000000000031bf0       0x30 contiki-whitefield.a(uip-ds6.o)
 .bss           0x0000000000031c20      0xc28 contiki-whitefield.a(uip-ds6-route.o)
 .bss           0x0000000000032848        0x6 contiki-whitefield.a(uip6.o)
                0x0000000000032848                uip_ext_bitmap
                0x0000000000032849                uip_ext_len
                0x000000000003284a                uip_ext_opt_offset
 *fill*         0x000000000003284e       0x12 
 .bss           0x0000000000032860      0x3c0 contiki-whitefield.a(uip-ds6-nbr.o)
 .bss           0x0000000000032c20       0x20 contiki-whitefield.a(uip-nd6.o)
 .bss           0x0000000000032c40      0xf08 contiki-whitefield.a(sicslowpan.o)
 *fill*         0x0000000000033b48       0x18 
 .bss           0x0000000000033b60      0xad0 contiki-whitefield.a(uip-packetqueue)
 *fill*         0x0000000000034630       0x10 
 .bss           0x0000000000034640       0x28 contiki-whitefield.a(tcpip.o)
 .bss           0x0000000000034668        0x0 contiki-whitefield.a(uip-debug.o)
 .bss           0x0000000000034668        0x0 contiki-whitefield.a(rpl-ext-header.)
 .bss           0x0000000000034668        0x4 contiki-whitefield.a(rpl.o)
 .bss           0x000000000003466c        0x0 contiki-whitefield.a(rpl-icmp6.o)
 *fill*         0x000000000003466c       0x14 
 .bss           0x0000000000034680      0x870 contiki-whitefield.a(rpl-dag.o)
 *fill*         0x0000000000034ef0       0x10 
 .bss           0x0000000000034f00      0x600 contiki-whitefield.a(queuebuf.o)
 .bss           0x0000000000035500      0x2a8 contiki-whitefield.a(nbr-table.o)
 *fill*         0x00000000000357a8       0x18 
 .bss           0x00000000000357c0       0xa0 contiki-whitefield.a(packetbuf.o)
 .bss           0x0000000000035860        0x0 contiki-whitefield.a(netstack.o)
 .bss           0x0000000000035860        0x0 contiki-whitefield.a(linkaddr.o)
 .bss           0x0000000000035860        0x0 contiki-whitefield.a(net-debug.o)
 .bss           0x0000000000035860      0x1e0 contiki-whitefield.a(link-stats.o)
 .bss           0x0000000000035a40        0x0 contiki-whitefield.a(framer-nullmac.)
 .bss           0x0000000000035a40        0x0 contiki-whitefield.a(mac.o)
 .bss           0x0000000000035a40        0x0 contiki-whitefield.a(nullrdc.o)
 .bss           0x0000000000035a40        0x0 contiki-whitefield.a(nullsec.o)
 .bss           0x0000000000035a40       0x14 contiki-whitefield.a(uip.o)
                0x0000000000035a40                uip_lladdr
 .bss           0x0000000000035a54        0x0 contiki-whitefield.a(command.o)
 .bss           0x0000000000035a54        0x0 contiki-whitefield.a(rtimer-arch.o)
 .bss           0x0000000000035a54        0x0 contiki-whitefield.a(watchdog.o)
 .bss           0x0000000000035a54        0x0 contiki-whitefield.a(stimer.o)
 .bss           0x0000000000035a54        0x0 contiki-whitefield.a(memb.o)
 *fill*         0x0000000000035a54        0xc 
 .bss           0x0000000000035a60       0x20 contiki-whitefield.a(uip-icmp6.o)
 .bss           0x0000000000035a80       0x64 contiki-whitefield.a(rpl-nbr-policy.)
 *fill*         0x0000000000035ae4       0x1c 
 .bss           0x0000000000035b00       0x43 contiki-whitefield.a(rpl-timers.o)
 .bss           0x0000000000035b43        0x0 contiki-whitefield.a(rpl-mrhof.o)
 *fill*         0x0000000000035b43       0x1d 
 .bss           0x0000000000035b60       0x71 contiki-whitefield.a(rpl-dag-root.o)
 *fill*         0x0000000000035bd1        0xf 
 .bss           0x0000000000035be0       0x20 ../../../../bin/libwf_commline.a(cl_stackline_helpers.o)
 .bss           0x0000000000035c00       0x20 ../../../../bin/libwf_commline.a(commline.o)
 .bss           0x0000000000035c20       0xa0 ../../../../bin/libwf_commline.a(cl_usock.o)
 .bss           0x0000000000035cc0        0x0 /usr/lib/x86_64-linux-gnu/libc_nonshared.a(elf-init.oS)
 .bss           0x0000000000035cc0        0x0 /usr/lib/gcc/x86_64-linux-gnu/8/crtendS.o
 .bss           0x0000000000035cc0        0x0 /usr/lib/gcc/x86_64-linux-gnu/8/../../../x86_64-linux-gnu/crtn.o
 *(COMMON)
 COMMON         0x0000000000035cc0        0x4 contiki-whitefield.a(contiki-main.o)
                0x0000000000035cc0                sensors_flags
 *fill*         0x0000000000035cc4        0x4 
 COMMON         0x0000000000035cc8        0x8 contiki-whitefield.a(wfmac_driver.o)
                0x0000000000035cc8                g_mac_sent_cb
 COMMON         0x0000000000035cd0        0x1 contiki-whitefield.a(sensors.o)
                0x0000000000035cd0                sensors_event
 COMMON         0x0000000000035cd1        0x1 contiki-whitefield.a(serial-line.o)
                0x0000000000035cd1                serial_line_event_message
 *fill*         0x0000000000035cd2        0xe 
 COMMON         0x0000000000035ce0      0x1c1 contiki-whitefield.a(uip-ds6.o)
                0x0000000000035ce0                uip_ds6_prefix_list
                0x0000000000035d40                uip_ds6_timer_periodic
                0x0000000000035d60                uip_ds6_netif_addr_list_offset
                0x0000000000035d80                uip_ds6_if
                0x0000000000035e90                uip_ds6_timer_ra
                0x0000000000035ea0                uip_ds6_addr_size
 *fill*         0x0000000000035ea1       0x1f 
 COMMON         0x0000000000035ec0      0x78c contiki-whitefield.a(uip6.o)
                0x0000000000035ec0                uip_slen
                0x0000000000035ed0                uip_icmp6_conns
                0x0000000000035ee0                uip_appdata
                0x0000000000035ee8                uip_flags
                0x0000000000035f00                uip_aligned_buf
                0x0000000000036400                uip_len
                0x0000000000036408                uip_sappdata
                0x0000000000036420                uip_udp_conns
                0x0000000000036600                uip_udp_conn
                0x0000000000036608                uip_next_hdr
                0x0000000000036610                uip_conn
                0x0000000000036620                uip_stat
 COMMON         0x000000000003664c        0x1 contiki-whitefield.a(sicslowpan.o)
                0x000000000003664c                p
 COMMON         0x000000000003664d        0x2 contiki-whitefield.a(tcpip.o)
                0x000000000003664d                tcpip_icmp6_event
                0x000000000003664e                tcpip_event
 *fill*         0x000000000003664f       0x11 
 COMMON         0x0000000000036660       0x48 contiki-whitefield.a(rpl.o)
                0x0000000000036660                rpl_stats
 *fill*         0x00000000000366a8       0x18 
 COMMON         0x00000000000366c0      0x278 contiki-whitefield.a(rpl-dag.o)
                0x00000000000366c0                default_instance
                0x00000000000366e0                instance_table
 *fill*         0x0000000000036938        0x8 
 COMMON         0x0000000000036940       0x30 contiki-whitefield.a(packetbuf.o)
                0x0000000000036940                packetbuf_attrs
                0x0000000000036960                packetbuf_addrs
 COMMON         0x0000000000036970        0x8 contiki-whitefield.a(linkaddr.o)
                0x0000000000036970                linkaddr_node_addr
 *fill*         0x0000000000036978        0x8 
 COMMON         0x0000000000036980       0x40 contiki-whitefield.a(link-stats.o)
                0x0000000000036980                periodic_timer
 COMMON         0x00000000000369c0      0x810 contiki-whitefield.a(uip.o)
                0x00000000000369c0                uip_draddr
                0x00000000000369c4                uip_acc32
                0x00000000000369e0                uip_conns
                0x0000000000037160                uip_netmask
                0x0000000000037164                uip_hostaddr
                0x0000000000037180                uip_listenports
                0x00000000000371d0                . = ALIGN ((. != 0x0)?0x8:0x1)

.lbss
 *(.dynlbss)
 *(.lbss .lbss.* .gnu.linkonce.lb.*)
 *(LARGE_COMMON)
                0x00000000000371d0                . = ALIGN (0x8)
                0x00000000000371d0                . = SEGMENT_START ("ldata-segment", .)

.lrodata
 *(.lrodata .lrodata.* .gnu.linkonce.lr.*)

.ldata          0x00000000000391d0        0x0
 *(.ldata .ldata.* .gnu.linkonce.l.*)
                0x00000000000391d0                . = ALIGN ((. != 0x0)?0x8:0x1)
                0x00000000000391d0                . = ALIGN (0x8)
                0x00000000000371d0                _end = .
                [!provide]                        PROVIDE (end = .)
                0x00000000000391d0                . = DATA_SEGMENT_END (.)

.stab
 *(.stab)

.stabstr
 *(.stabstr)

.stab.excl
 *(.stab.excl)

.stab.exclstr
 *(.stab.exclstr)

.stab.index
 *(.stab.index)

.stab.indexstr
 *(.stab.indexstr)

.comment        0x0000000000000000       0x23
 *(.comment)
 .comment       0x0000000000000000       0x23 /usr/lib/gcc/x86_64-linux-gnu/8/crtbeginS.o
                                         0x24 (size before relaxing)
 .comment       0x0000000000000023       0x24 server.co
 .comment       0x0000000000000023       0x24 obj_whitefield/collect-common.o
 .comment       0x0000000000000023       0x24 obj_whitefield/rpl-metrics.o
 .comment       0x0000000000000023       0x24 obj_whitefield/rpl-metrics-get.o
 .comment       0x0000000000000023       0x24 obj_whitefield/rpl-metrics-containers-OF.o
 .comment       0x0000000000000023       0x24 contiki-whitefield.a(contiki-main.o)
 .comment       0x0000000000000023       0x24 contiki-whitefield.a(clock.o)
 .comment       0x0000000000000023       0x24 contiki-whitefield.a(wfmac_driver.o)
 .comment       0x0000000000000023       0x24 contiki-whitefield.a(wfradio_driver.)
 .comment       0x0000000000000023       0x24 contiki-whitefield.a(button-sensor.o)
 .comment       0x0000000000000023       0x24 contiki-whitefield.a(pir-sensor.o)
 .comment       0x0000000000000023       0x24 contiki-whitefield.a(vib-sensor.o)
 .comment       0x0000000000000023       0x24 contiki-whitefield.a(sensors.o)
 .comment       0x0000000000000023       0x24 contiki-whitefield.a(command_storing)
 .comment       0x0000000000000023       0x24 contiki-whitefield.a(ctimer.o)
 .comment       0x0000000000000023       0x24 contiki-whitefield.a(autostart.o)
 .comment       0x0000000000000023       0x24 contiki-whitefield.a(energest.o)
 .comment       0x0000000000000023       0x24 contiki-whitefield.a(etimer.o)
 .comment       0x0000000000000023       0x24 contiki-whitefield.a(process.o)
 .comment       0x0000000000000023       0x24 contiki-whitefield.a(rtimer.o)
 .comment       0x0000000000000023       0x24 contiki-whitefield.a(timer.o)
 .comment       0x0000000000000023       0x24 contiki-whitefield.a(serial-line.o)
 .comment       0x0000000000000023       0x24 contiki-whitefield.a(leds.o)
 .comment       0x0000000000000023       0x24 contiki-whitefield.a(list.o)
 .comment       0x0000000000000023       0x24 contiki-whitefield.a(random.o)
 .comment       0x0000000000000023       0x24 contiki-whitefield.a(ringbuf.o)
 .comment       0x0000000000000023       0x24 contiki-whitefield.a(uip-ds6.o)
 .comment       0x0000000000000023       0x24 contiki-whitefield.a(uip-ds6-route.o)
 .comment       0x0000000000000023       0x24 contiki-whitefield.a(uip6.o)
 .comment       0x0000000000000023       0x24 contiki-whitefield.a(uip-ds6-nbr.o)
 .comment       0x0000000000000023       0x24 contiki-whitefield.a(uip-nd6.o)
 .comment       0x0000000000000023       0x24 contiki-whitefield.a(sicslowpan.o)
 .comment       0x0000000000000023       0x24 contiki-whitefield.a(uip-packetqueue)
 .comment       0x0000000000000023       0x24 contiki-whitefield.a(tcpip.o)
 .comment       0x0000000000000023       0x24 contiki-whitefield.a(uip-debug.o)
 .comment       0x0000000000000023       0x24 contiki-whitefield.a(rpl-ext-header.)
 .comment       0x0000000000000023       0x24 contiki-whitefield.a(rpl.o)
 .comment       0x0000000000000023       0x24 contiki-whitefield.a(rpl-icmp6.o)
 .comment       0x0000000000000023       0x24 contiki-whitefield.a(rpl-dag.o)
 .comment       0x0000000000000023       0x24 contiki-whitefield.a(queuebuf.o)
 .comment       0x0000000000000023       0x24 contiki-whitefield.a(nbr-table.o)
 .comment       0x0000000000000023       0x24 contiki-whitefield.a(packetbuf.o)
 .comment       0x0000000000000023       0x24 contiki-whitefield.a(netstack.o)
 .comment       0x0000000000000023       0x24 contiki-whitefield.a(linkaddr.o)
 .comment       0x0000000000000023       0x24 contiki-whitefield.a(net-debug.o)
 .comment       0x0000000000000023       0x24 contiki-whitefield.a(link-stats.o)
 .comment       0x0000000000000023       0x24 contiki-whitefield.a(framer-nullmac.)
 .comment       0x0000000000000023       0x24 contiki-whitefield.a(mac.o)
 .comment       0x0000000000000023       0x24 contiki-whitefield.a(nullrdc.o)
 .comment       0x0000000000000023       0x24 contiki-whitefield.a(nullsec.o)
 .comment       0x0000000000000023       0x24 contiki-whitefield.a(uip.o)
 .comment       0x0000000000000023       0x24 contiki-whitefield.a(command.o)
 .comment       0x0000000000000023       0x24 contiki-whitefield.a(rtimer-arch.o)
 .comment       0x0000000000000023       0x24 contiki-whitefield.a(watchdog.o)
 .comment       0x0000000000000023       0x24 contiki-whitefield.a(stimer.o)
 .comment       0x0000000000000023       0x24 contiki-whitefield.a(memb.o)
 .comment       0x0000000000000023       0x24 contiki-whitefield.a(uip-icmp6.o)
 .comment       0x0000000000000023       0x24 contiki-whitefield.a(rpl-nbr-policy.)
 .comment       0x0000000000000023       0x24 contiki-whitefield.a(rpl-timers.o)
 .comment       0x0000000000000023       0x24 contiki-whitefield.a(rpl-mrhof.o)
 .comment       0x0000000000000023       0x24 contiki-whitefield.a(rpl-dag-root.o)
 .comment       0x0000000000000023       0x24 ../../../../bin/libwf_commline.a(cl_stackline_helpers.o)
 .comment       0x0000000000000023       0x24 ../../../../bin/libwf_commline.a(commline.o)
 .comment       0x0000000000000023       0x24 ../../../../bin/libwf_commline.a(cl_usock.o)
 .comment       0x0000000000000023       0x24 /usr/lib/gcc/x86_64-linux-gnu/8/crtendS.o

.gnu.build.attributes
 *(.gnu.build.attributes .gnu.build.attributes.*)

.debug
 *(.debug)

.line
 *(.line)

.debug_srcinfo
 *(.debug_srcinfo)

.debug_sfnames
 *(.debug_sfnames)

.debug_aranges  0x0000000000000000      0xc00
 *(.debug_aranges)
 .debug_aranges
                0x0000000000000000       0x30 server.co
 .debug_aranges
                0x0000000000000030       0x30 obj_whitefield/collect-common.o
 .debug_aranges
                0x0000000000000060       0x30 obj_whitefield/rpl-metrics.o
 .debug_aranges
                0x0000000000000090       0x30 obj_whitefield/rpl-metrics-get.o
 .debug_aranges
                0x00000000000000c0       0x30 obj_whitefield/rpl-metrics-containers-OF.o
 .debug_aranges
                0x00000000000000f0       0x30 contiki-whitefield.a(contiki-main.o)
 .debug_aranges
                0x0000000000000120       0x30 contiki-whitefield.a(clock.o)
 .debug_aranges
                0x0000000000000150       0x30 contiki-whitefield.a(wfmac_driver.o)
 .debug_aranges
                0x0000000000000180       0x30 contiki-whitefield.a(wfradio_driver.)
 .debug_aranges
                0x00000000000001b0       0x30 contiki-whitefield.a(button-sensor.o)
 .debug_aranges
                0x00000000000001e0       0x30 contiki-whitefield.a(pir-sensor.o)
 .debug_aranges
                0x0000000000000210       0x30 contiki-whitefield.a(vib-sensor.o)
 .debug_aranges
                0x0000000000000240       0x30 contiki-whitefield.a(sensors.o)
 .debug_aranges
                0x0000000000000270       0x30 contiki-whitefield.a(command_storing)
 .debug_aranges
                0x00000000000002a0       0x30 contiki-whitefield.a(ctimer.o)
 .debug_aranges
                0x00000000000002d0       0x30 contiki-whitefield.a(autostart.o)
 .debug_aranges
                0x0000000000000300       0x30 contiki-whitefield.a(energest.o)
 .debug_aranges
                0x0000000000000330       0x30 contiki-whitefield.a(etimer.o)
 .debug_aranges
                0x0000000000000360       0x30 contiki-whitefield.a(process.o)
 .debug_aranges
                0x0000000000000390       0x30 contiki-whitefield.a(rtimer.o)
 .debug_aranges
                0x00000000000003c0       0x30 contiki-whitefield.a(timer.o)
 .debug_aranges
                0x00000000000003f0       0x30 contiki-whitefield.a(serial-line.o)
 .debug_aranges
                0x0000000000000420       0x30 contiki-whitefield.a(leds.o)
 .debug_aranges
                0x0000000000000450       0x30 contiki-whitefield.a(list.o)
 .debug_aranges
                0x0000000000000480       0x30 contiki-whitefield.a(random.o)
 .debug_aranges
                0x00000000000004b0       0x30 contiki-whitefield.a(ringbuf.o)
 .debug_aranges
                0x00000000000004e0       0x30 contiki-whitefield.a(uip-ds6.o)
 .debug_aranges
                0x0000000000000510       0x30 contiki-whitefield.a(uip-ds6-route.o)
 .debug_aranges
                0x0000000000000540       0x30 contiki-whitefield.a(uip6.o)
 .debug_aranges
                0x0000000000000570       0x30 contiki-whitefield.a(uip-ds6-nbr.o)
 .debug_aranges
                0x00000000000005a0       0x30 contiki-whitefield.a(uip-nd6.o)
 .debug_aranges
                0x00000000000005d0       0x30 contiki-whitefield.a(sicslowpan.o)
 .debug_aranges
                0x0000000000000600       0x30 contiki-whitefield.a(uip-packetqueue)
 .debug_aranges
                0x0000000000000630       0x30 contiki-whitefield.a(tcpip.o)
 .debug_aranges
                0x0000000000000660       0x30 contiki-whitefield.a(uip-debug.o)
 .debug_aranges
                0x0000000000000690       0x30 contiki-whitefield.a(rpl-ext-header.)
 .debug_aranges
                0x00000000000006c0       0x30 contiki-whitefield.a(rpl.o)
 .debug_aranges
                0x00000000000006f0       0x30 contiki-whitefield.a(rpl-icmp6.o)
 .debug_aranges